// Jest Snapshot v1, https://goo.gl/fbAQLP

exports[`should render ExpenseList with empty message 1`] = `
<div>
  <p>
    No expenses
  </p>
</div>
`;

exports[`should render ExpenseList with expenses 1`] = `
<div>
  <ExpenseListItem
    amount={50}
    createdAt={0}
    description="Rent"
    id={1}
    key="1"
    notes=""
  />
  <ExpenseListItem
    amount={100}
    createdAt={-345600000}
    description="Car loan"
    id={2}
    key="2"
    notes=""
  />
  <ExpenseListItem
    amount={70}
    createdAt={345600000}
    description="Groceries"
    id={3}
    key="3"
    notes=""
  />
</div>
`;
