// Jest Snapshot v1, https://goo.gl/fbAQLP

exports[`Render ExpenseListItem with its values 1`] = `
<div>
  <Link
    to="/edit/1"
  >
    <h3>
      Rent
    </h3>
  </Link>
  <p>
    50
    $ - 
    0
  </p>
</div>
`;
